\documentclass{article}

\begin{document}
\cite{madsen2020}
\end{document}