\documentclass{article}

\begin{document}
\cite{brachthauser2022}
\end{document}